BadRecovery.java:17:11: compiler.err.prob.found.req: (compiler.misc.incompatible.arg.types.in.lambda)
BadRecovery.java:17:38: compiler.err.cant.resolve.location.args: kindname.method, someMemberOfReceiver, , @60, (compiler.misc.location.1: kindname.variable, receiver, java.lang.Object)
BadRecovery.java:17:77: compiler.err.cant.resolve.location: kindname.variable, f, , , (compiler.misc.location: kindname.class, BadRecovery, null)
- compiler.note.compressed.diags
3 errors
