BadSwitchExpressionLambda.java:19:26: compiler.err.prob.found.req: (compiler.misc.incompatible.ret.type.in.lambda: (compiler.misc.switch.expression.target.cant.be.void))
BadSwitchExpressionLambda.java:21:17: compiler.err.prob.found.req: (compiler.misc.incompatible.ret.type.in.lambda: (compiler.misc.switch.expression.target.cant.be.void))
BadSwitchExpressionLambda.java:22:16: compiler.err.prob.found.req: (compiler.misc.unexpected.ret.val)
3 errors
