MethodReference41.java:38:12: compiler.err.prob.found.req: (compiler.misc.invalid.mref: kindname.constructor, (compiler.misc.cant.apply.symbol: kindname.constructor, Foo, java.lang.Number, java.lang.String, kindname.class, MethodReference41.Foo<X>, (compiler.misc.incompatible.bounds: X, (compiler.misc.upper.bounds: java.lang.Number), (compiler.misc.lower.bounds: java.lang.String))))
MethodReference41.java:40:12: compiler.err.prob.found.req: (compiler.misc.invalid.mref: kindname.constructor, (compiler.misc.cant.apply.symbol: kindname.constructor, Foo, java.lang.Number, java.lang.Object, kindname.class, MethodReference41.Foo<X>, (compiler.misc.incompatible.bounds: X, (compiler.misc.upper.bounds: java.lang.Number), (compiler.misc.lower.bounds: java.lang.Object))))
MethodReference41.java:41:9: compiler.err.ref.ambiguous: m4, kindname.method, m4(MethodReference41.SAM2), MethodReference41, kindname.method, m4(MethodReference41.SAM3), MethodReference41
- compiler.note.compressed.diags
3 errors
