MethodReference55.java:13:11: compiler.err.prob.found.req: (compiler.misc.invalid.mref: kindname.method, (compiler.misc.bad.static.method.in.bound.lookup: kindname.method, m(java.lang.Object)))
MethodReference55.java:16:11: compiler.err.prob.found.req: (compiler.misc.invalid.mref: kindname.method, (compiler.misc.bad.static.method.in.bound.lookup: kindname.method, m(java.lang.Object)))
- compiler.note.compressed.diags
2 errors
