MethodReference43.java:45:12: compiler.err.prob.found.req: (compiler.misc.invalid.mref: kindname.constructor, (compiler.misc.cant.apply.symbol: kindname.constructor, Foo, java.lang.Number, java.lang.String, kindname.class, MethodReference43.Foo<X>, (compiler.misc.incompatible.bounds: X, (compiler.misc.upper.bounds: java.lang.Number), (compiler.misc.lower.bounds: java.lang.String))))
MethodReference43.java:47:12: compiler.err.prob.found.req: (compiler.misc.invalid.mref: kindname.constructor, (compiler.misc.cant.apply.symbol: kindname.constructor, Foo, java.lang.Number, java.lang.Object, kindname.class, MethodReference43.Foo<X>, (compiler.misc.incompatible.bounds: X, (compiler.misc.upper.bounds: java.lang.Number), (compiler.misc.lower.bounds: java.lang.Object))))
MethodReference43.java:49:9: compiler.err.ref.ambiguous: m5, kindname.method, m5(MethodReference43.SAM3), MethodReference43, kindname.method, m5(MethodReference43.SAM4), MethodReference43
MethodReference43.java:49:12: compiler.err.prob.found.req: (compiler.misc.invalid.mref: kindname.constructor, (compiler.misc.cant.apply.symbol: kindname.constructor, Foo, java.lang.Number, java.lang.Object, kindname.class, MethodReference43.Foo<X>, (compiler.misc.incompatible.bounds: X, (compiler.misc.upper.bounds: java.lang.Number), (compiler.misc.lower.bounds: java.lang.Object))))
4 errors
