MethodReference42.java:38:12: compiler.err.prob.found.req: (compiler.misc.incompatible.ret.type.in.lambda: (compiler.misc.incompatible.bounds: X, (compiler.misc.eq.bounds: java.lang.String), (compiler.misc.upper.bounds: java.lang.Number)))
MethodReference42.java:40:12: compiler.err.prob.found.req: (compiler.misc.incompatible.ret.type.in.lambda: (compiler.misc.incompatible.bounds: X, (compiler.misc.eq.bounds: java.lang.Object), (compiler.misc.upper.bounds: java.lang.Number)))
MethodReference42.java:41:9: compiler.err.ref.ambiguous: m4, kindname.method, m4(MethodReference42.SAM2), MethodReference42, kindname.method, m4(MethodReference42.SAM3), MethodReference42
- compiler.note.compressed.diags
3 errors
