MethodReference48.java:38:12: compiler.err.prob.found.req: (compiler.misc.incompatible.ret.type.in.mref: (compiler.misc.inconvertible.types: java.lang.String, MethodReference48.Foo<java.lang.Object>))
MethodReference48.java:41:9: compiler.err.ref.ambiguous: g4, kindname.method, g4(MethodReference48.SAM2), MethodReference48, kindname.method, g4(MethodReference48.SAM3), MethodReference48
- compiler.note.compressed.diags
2 errors
