TargetType41.java:13:11: compiler.err.prob.found.req: (compiler.misc.inconvertible.types: int, java.lang.String)
1 error
