TargetType24.java:33:30: compiler.err.ref.ambiguous: forAll, kindname.method, forAll(TargetType24.F<A,java.lang.Boolean>), TargetType24.Array, kindname.method, forAll(TargetType24.FSub<A,java.lang.String>), TargetType24.Array
TargetType24.java:33:45: compiler.err.ref.ambiguous: forAll, kindname.method, forAll(TargetType24.F<A,java.lang.Boolean>), TargetType24.Array, kindname.method, forAll(TargetType24.FSub<A,java.lang.String>), TargetType24.Array
TargetType24.java:34:54: compiler.err.ref.ambiguous: forAll, kindname.method, forAll(TargetType24.F<A,java.lang.Boolean>), TargetType24.Array, kindname.method, forAll(TargetType24.FSub<A,java.lang.String>), TargetType24.Array
TargetType24.java:35:30: compiler.err.ref.ambiguous: forAll, kindname.method, forAll(TargetType24.F<A,java.lang.Boolean>), TargetType24.Array, kindname.method, forAll(TargetType24.FSub<A,java.lang.String>), TargetType24.Array
TargetType24.java:37:30: compiler.err.ref.ambiguous: forAll, kindname.method, forAll(TargetType24.F<A,java.lang.Boolean>), TargetType24.Array, kindname.method, forAll(TargetType24.FSub<A,java.lang.String>), TargetType24.Array
TargetType24.java:37:45: compiler.err.ref.ambiguous: forAll, kindname.method, forAll(TargetType24.F<A,java.lang.Boolean>), TargetType24.Array, kindname.method, forAll(TargetType24.FSub<A,java.lang.String>), TargetType24.Array
TargetType24.java:37:58: compiler.err.prob.found.req: (compiler.misc.incompatible.ret.type.in.lambda: (compiler.misc.inconvertible.types: java.lang.String, java.lang.Boolean))
TargetType24.java:38:59: compiler.err.prob.found.req: (compiler.misc.incompatible.ret.type.in.lambda: (compiler.misc.inconvertible.types: boolean, java.lang.String))
TargetType24.java:39:101: compiler.err.prob.found.req: (compiler.misc.incompatible.ret.type.in.lambda: (compiler.misc.inconvertible.types: java.lang.String, java.lang.Boolean))
TargetType24.java:40:104: compiler.err.prob.found.req: (compiler.misc.incompatible.ret.type.in.lambda: (compiler.misc.inconvertible.types: boolean, java.lang.String))
10 errors
