TargetType52.java:17:9: compiler.err.prob.found.req: (compiler.misc.no.suitable.functional.intf.inst: TargetType52.FI<java.lang.CharSequence,java.util.ArrayList<? extends java.lang.CharSequence>>)
- compiler.note.compressed.diags
1 error
