T6638712c.java:16:17: compiler.err.prob.found.req: (compiler.misc.inconvertible.types: java.util.Comparator<java.lang.Enum<?>>, java.util.Comparator<? super java.lang.Enum>)
1 error
