MisleadingVarArgsErrorMsgTest.java:19:19: compiler.err.prob.found.req: (compiler.misc.inconvertible.types: int, int[])
- compiler.note.compressed.diags
1 error
