T6722234a.java:12:11: compiler.err.prob.found.req: (compiler.misc.inconvertible.types: compiler.misc.type.var: T, 1, compiler.misc.type.var: T, 2)
- compiler.note.compressed.diags
1 error
