CaptureLowerBoundDeref.java:22:25: compiler.err.prob.found.req: (compiler.misc.inconvertible.types: java.lang.Object, compiler.misc.type.captureof: 1, ?)
1 error
