T6838943.java:13:17: compiler.err.prob.found.req: (compiler.misc.inconvertible.types: T6838943.A<T6838943.B>, T6838943.A<Z>)
- compiler.note.compressed.diags
1 error
