T8074381b.java:14:31: compiler.err.prob.found.req: (compiler.misc.no.suitable.functional.intf.inst: T8074381b.ThrowingConsumer)
1 error
