T7034511b.java:14:20: compiler.err.prob.found.req: (compiler.misc.inconvertible.types: java.lang.Object[], compiler.misc.type.captureof: 1, ?[])
1 error
