T8202372.java:26:28: compiler.err.prob.found.req: (compiler.misc.stat.expr.expected)
T8202372.java:27:22: compiler.err.prob.found.req: (compiler.misc.incompatible.ret.type.in.lambda: (compiler.misc.unexpected.ret.val))
T8202372.java:35:25: compiler.err.prob.found.req: (compiler.misc.incompatible.ret.type.in.lambda: (compiler.misc.missing.ret.val: java.lang.String))
T8202372.java:36:25: compiler.err.prob.found.req: (compiler.misc.incompatible.ret.type.in.lambda: (compiler.misc.missing.ret.val))
T8202372.java:40:23: compiler.err.prob.found.req: (compiler.misc.incompatible.arg.types.in.lambda)
T8202372.java:42:23: compiler.err.prob.found.req: (compiler.misc.incompatible.arg.types.in.lambda)
T8202372.java:43:23: compiler.err.prob.found.req: (compiler.misc.incompatible.arg.types.in.lambda)
7 errors
