T6840059.java:15:22: compiler.err.prob.found.req: (compiler.misc.inconvertible.types: java.lang.String, java.lang.Integer)
T6840059.java:15:9: compiler.err.cant.resolve.args: kindname.constructor, , , java.lang.String
- compiler.note.compressed.diags
2 errors
