T8071432.java:47:45: compiler.err.prob.found.req: (compiler.misc.infer.no.conforming.assignment.exists: U, (compiler.misc.incompatible.ret.type.in.lambda: (compiler.misc.inconvertible.types: int, java.lang.Double)))
1 error
