T5011073.java:15:11: compiler.err.prob.found.req: (compiler.misc.inconvertible.types: java.util.Set<java.lang.Integer>, java.util.Set<java.lang.String>)
- compiler.note.compressed.diags
1 error
