T8255968_2.java:9:45: compiler.err.prob.found.req: (compiler.misc.inconvertible.types: int, java.lang.String)
- compiler.note.compressed.diags
1 error
