LambdaTest2_neg1.java:15:13: compiler.err.prob.found.req: (compiler.misc.not.a.functional.intf.1: QooRoo, (compiler.misc.incompatible.abstracts: kindname.interface, QooRoo))
- compiler.note.compressed.diags
1 error
