TwrAndLambda.java:31:14: compiler.err.prob.found.req: (compiler.misc.try.not.applicable.to.type: (compiler.misc.inconvertible.types: java.lang.Runnable, java.lang.AutoCloseable))
TwrAndLambda.java:33:14: compiler.err.prob.found.req: (compiler.misc.try.not.applicable.to.type: (compiler.misc.inconvertible.types: java.lang.Runnable, java.lang.AutoCloseable))
TwrAndLambda.java:35:14: compiler.err.prob.found.req: (compiler.misc.try.not.applicable.to.type: (compiler.misc.inconvertible.types: java.lang.Runnable, java.lang.AutoCloseable))
TwrAndLambda.java:43:13: compiler.err.prob.found.req: (compiler.misc.inconvertible.types: java.lang.Runnable, java.lang.AutoCloseable)
TwrAndLambda.java:44:13: compiler.err.prob.found.req: (compiler.misc.inconvertible.types: java.lang.Runnable, java.lang.AutoCloseable)
TwrAndLambda.java:45:13: compiler.err.prob.found.req: (compiler.misc.inconvertible.types: java.lang.Runnable, java.lang.AutoCloseable)
6 errors
