MethodRefStuck.java:15:18: compiler.err.prob.found.req: (compiler.misc.infer.no.conforming.instance.exists: U, java.util.Optional<U>, boolean)
1 error
