MethodRefStuckParenthesized.java:25:5: compiler.err.prob.found.req: (compiler.misc.infer.no.conforming.instance.exists: X, MethodRefStuckParenthesized.J, MethodRefStuckParenthesized.I)
1 error
