Readonly.java:15:20: compiler.err.prob.found.req: (compiler.misc.inconvertible.types: Err<compiler.misc.type.captureof: 1, ? extends java.lang.String>, Err<compiler.misc.type.captureof: 2, ? extends java.lang.String>)
1 error
