Metharg1.java:33:25: compiler.err.prob.found.req: (compiler.misc.inconvertible.types: java.lang.String, java.lang.Integer)
1 error
