Metharg2.java:39:22: compiler.err.prob.found.req: (compiler.misc.inconvertible.types: java.lang.String, java.lang.Integer)
1 error
